// Jest Snapshot v1, https://goo.gl/fbAQLP

exports[`Card.test.js has the expected html structure 1`] = `
<div
  id="card"
>
  <h1>
    English-German Flash Cards
  </h1>
  <select>
    <option
      value=""
    >
      Select type of cards...
    </option>
    <option>
      Animal
    </option>
    <option>
      Cuisine
    </option>
    <option>
      Geography
    </option>
  </select>
  <div
    class="showAll"
  >
    <input
      type="checkbox"
    />
     Show All Cards
  </div>
  <ul
    class="card-list"
  >
    <li
      class=""
    >
      <p
        class="card"
        name="flip"
      >
        Mountain
        <span
          class="language"
        >
          English
        </span>
        <span
          class="delete-card"
        >
          X
        </span>
      </p>
    </li>
    <li
      class=""
    >
      <p
        class="card"
        name="flip"
      >
        Beer
        <span
          class="language"
        >
          English
        </span>
        <span
          class="delete-card"
        >
          X
        </span>
      </p>
    </li>
    <li
      class=""
    >
      <p
        class="card"
        name="flip"
      >
        Goat
        <span
          class="language"
        >
          English
        </span>
        <span
          class="delete-card"
        >
          X
        </span>
      </p>
    </li>
  </ul>
</div>
`;
